[{"Description":"Database connection endpoint","Export":"my-db-endpoint","Imported":"Yes","Stack":"database-stack","Value":"db.example.com:5432"},{"Description":"Public subnet ID","Export":"my-subnet-id","Imported":"No","Stack":"vpc-stack","Value":"subnet-87654321"},{"Description":"The VPC ID for the network","Export":"my-vpc-id","Imported":"Yes","Stack":"vpc-stack","Value":"vpc-12345678"}]